src/components/stream/ClearanceRequirementCard.tsx(269,66): error TS2304: Cannot find name 'LinkIcon'.
src/components/stream/ClearanceRequirementCard.tsx(485,78): error TS2304: Cannot find name 'LinkIcon'.
